#Date        Time         gpu    pwr  gtemp  mtemp     sm    mem    enc    dec    jpg    ofa   mclk   pclk  pviol  tviol 
#YYYYMMDD    HH:MM:SS     Idx      W      C      C      %      %      %      %      %      %    MHz    MHz      %   bool 
 20260602    17:58:15       0    250     73      -     66     20      0      0      0      0  13801   2850      0      0 
 20260602    17:58:15       1    223     57      -     60     16      0      0      0      0  13801   2895      0      0 
 20260602    17:58:15       2    250     65      -     25      5      0      0      0      0  13801   2887      0      0 
 20260602    17:58:15       3    212     68      -    100      0      0      0      0      0  13801   2955      0      0 
 20260602    17:58:16       0    212     73      -     51      1      0      0      0      0  13801   2850      0      0 
 20260602    17:58:16       1    225     56      -     30     10      0      0      0      0  13801   2880      0      0 
 20260602    17:58:16       2    219     67      -     45     21      0      0      0      0  13801   2895      0      0 
 20260602    17:58:16       3    158     70      -     48     24      0      0      0      0  13801   2955      0      0 
 20260602    17:58:17       0    241     73      -     48     19      0      0      0      0  13801   2835      0      0 
 20260602    17:58:17       1    224     58      -     39     17      0      0      0      0  13801   2895      0      0 
 20260602    17:58:17       2    239     66      -     53     20      0      0      0      0  13801   2872      0      0 
 20260602    17:58:17       3    248     71      -     37     20      0      0      0      0  13801   2940      0      0 
 20260602    17:58:18       0    257     74      -     69     22      0      0      0      0  13801   2850      0      0 
 20260602    17:58:18       1    222     57      -     64     17      0      0      0      0  13801   2895      0      0 
 20260602    17:58:18       2    256     67      -     63     20      0      0      0      0  13801   2887      0      0 
 20260602    17:58:18       3    263     72      -     67     25      0      0      0      0  13801   2955      0      0 
 20260602    17:58:19       0    252     73      -     65     20      0      0      0      0  13801   2850      0      0 
 20260602    17:58:19       1    234     58      -     31      5      0      0      0      0  13801   2895      0      0 
 20260602    17:58:19       2    252     68      -     64     20      0      0      0      0  13801   2887      0      0 
 20260602    17:58:19       3    257     72      -     64     24      0      0      0      0  13801   2955      0      0 
 20260602    17:58:20       0    255     74      -     46      7      0      0      0      0  13801   2850      0      0 
 20260602    17:58:20       1    222     57      -     63     17      0      0      0      0  13801   2895      0      0 
 20260602    17:58:20       2    254     68      -     51     14      0      0      0      0  13801   2887      0      0 
 20260602    17:58:20       3    261     69      -     25      5      0      0      0      0  13801   2947      0      0 
 20260602    17:58:21       0    238     73      -     58     18      0      0      0      0  13801   2850      0      0 
 20260602    17:58:21       1    223     56      -     51     14      0      0      0      0  13801   2895      0      0 
 20260602    17:58:21       2    246     67      -     64     21      0      0      0      0  13801   2887      0      0 
 20260602    17:58:21       3    252     72      -     64     24      0      0      0      0  13801   2947      0      0 
 20260602    17:58:22       0    244     71      -     63     20      0      0      0      0  13801   2850      0      0 
 20260602    17:58:22       1    224     57      -     64     17      0      0      0      0  13801   2895      0      0 
 20260602    17:58:22       2    252     66      -     63     21      0      0      0      0  13801   2887      0      0 
 20260602    17:58:22       3    254     71      -     67     25      0      0      0      0  13801   2940      0      0 
 20260602    17:58:23       0    245     74      -     62     19      0      0      0      0  13801   2850      0      0 
 20260602    17:58:23       1    216     56      -     52     13      0      0      0      0  13801   2895      0      0 
 20260602    17:58:23       2    250     68      -     63     19      0      0      0      0  13801   2887      0      0 
 20260602    17:58:23       3    264     71      -     26      7      0      0      0      0  13801   2955      0      0 
 20260602    17:58:24       0    244     71      -     41     12      0      0      0      0  13801   2850      0      0 
 20260602    17:58:24       1    225     58      -     51     13      0      0      0      0  13801   2895      0      0 
 20260602    17:58:24       2    247     67      -     60     19      0      0      0      0  13801   2887      0      0 
 20260602    17:58:24       3    256     71      -     65     25      0      0      0      0  13801   2955      0      0 
 20260602    17:58:25       0    255     73      -     63     19      0      0      0      0  13801   2850      0      0 
 20260602    17:58:25       1    216     57      -     64     17      0      0      0      0  13801   2895      0      0 
 20260602    17:58:25       2    254     68      -     23      4      0      0      0      0  13801   2887      0      0 
 20260602    17:58:25       3    258     72      -     64     24      0      0      0      0  13801   2955      0      0 
#Date        Time         gpu    pwr  gtemp  mtemp     sm    mem    enc    dec    jpg    ofa   mclk   pclk  pviol  tviol 
#YYYYMMDD    HH:MM:SS     Idx      W      C      C      %      %      %      %      %      %    MHz    MHz      %   bool 
 20260602    17:58:26       0    247     73      -     64     19      0      0      0      0  13801   2850      0      0 
 20260602    17:58:26       1    233     57      -     28      5      0      0      0      0  13801   2895      0      0 
 20260602    17:58:26       2    250     68      -     63     20      0      0      0      0  13801   2887      0      0 
 20260602    17:58:26       3    261     70      -     53     20      0      0      0      0  13801   2940      0      0 
 20260602    17:58:27       0    251     71      -     29      7      0      0      0      0  13801   2850      0      0 
 20260602    17:58:27       1    218     57      -     65     17      0      0      0      0  13801   2895      0      0 
 20260602    17:58:27       2    248     66      -     61     19      0      0      0      0  13801   2887      0      0 
 20260602    17:58:27       3    266     71      -     65     26      0      0      0      0  13801   2947      0      0 
 20260602    17:58:28       0    261     74      -     70     20      0      0      0      0  13801   2850      0      0 
 20260602    17:58:28       1    223     55      -     59     15      0      0      0      0  13801   2895      0      0 
 20260602    17:58:28       2    255     67      -     44     12      0      0      0      0  13801   2887      0      0 
 20260602    17:58:28       3    253     71      -     63     24      0      0      0      0  13801   2947      0      0 
 20260602    17:58:29       0    301     74      -     64     20      0      0      0      0  13801   2850      0      0 
 20260602    17:58:29       1    226     57      -     66     18      0      0      0      0  13801   2895      0      0 
 20260602    17:58:29       2    243     67      -     62     20      0      0      0      0  13801   2887      0      0 
 20260602    17:58:29       3    259     70      -     63     24      0      0      0      0  13801   2955      0      0 
 20260602    17:58:30       0    249     74      -     66     21      0      0      0      0  13801   2850      0      0 
 20260602    17:58:30       1    225     57      -     60     15      0      0      0      0  13801   2895      0      0 
 20260602    17:58:30       2    249     66      -     60     19      0      0      0      0  13801   2887      0      0 
 20260602    17:58:30       3    265     71      -     43     13      0      0      0      0  13801   2947      0      0 
 20260602    17:58:31       0    269     73      -     33      8      0      0      0      0  13801   2850      0      0 
 20260602    17:58:31       1    234     57      -     31      7      0      0      0      0  13801   2895      0      0 
 20260602    17:58:31       2    260     67      -     65     21      0      0      0      0  13801   2887      0      0 
 20260602    17:58:31       3    257     71      -     69     27      0      0      0      0  13801   2955      0      0 
 20260602    17:58:32       0    251     74      -     60     18      0      0      0      0  13801   2850      0      0 
 20260602    17:58:32       1    215     57      -     57     15      0      0      0      0  13801   2895      0      0 
 20260602    17:58:32       2    247     68      -     55     18      0      0      0      0  13801   2887      0      0 
 20260602    17:58:32       3    256     72      -     53     19      0      0      0      0  13801   2947      0      0 
 20260602    17:58:33       0    252     73      -     65     20      0      0      0      0  13801   2850      0      0 
 20260602    17:58:33       1    219     55      -     61     16      0      0      0      0  13801   2895      0      0 
 20260602    17:58:33       2    257     67      -     33      9      0      0      0      0  13801   2887      0      0 
 20260602    17:58:33       3    267     72      -     33     10      0      0      0      0  13801   2947      0      0 
 20260602    17:58:34       0    250     74      -     65     20      0      0      0      0  13801   2850      0      0 
 20260602    17:58:34       1    220     58      -     64     16      0      0      0      0  13801   2895      0      0 
 20260602    17:58:34       2    239     67      -     56     18      0      0      0      0  13801   2887      0      0 
 20260602    17:58:34       3    253     72      -     57     21      0      0      0      0  13801   2955      0      0 
 20260602    17:58:35       0    256     74      -     67     20      0      0      0      0  13801   2850      0      0 
 20260602    17:58:35       1    225     56      -     63     17      0      0      0      0  13801   2895      0      0 
 20260602    17:58:35       2    246     65      -     65     21      0      0      0      0  13801   2887      0      0 
 20260602    17:58:35       3    264     71      -     65     25      0      0      0      0  13801   2940      0      0 
 20260602    17:58:36       0    248     73      -     56     18      0      0      0      0  13801   2850      0      0 
 20260602    17:58:36       1    233     57      -     23      3      0      0      0      0  13801   2895      0      0 
 20260602    17:58:36       2    261     68      -     63     20      0      0      0      0  13801   2887      0      0 
 20260602    17:58:36       3    189     68      -     99      0      0      0      0      0  13801   2955      0      0 
#Date        Time         gpu    pwr  gtemp  mtemp     sm    mem    enc    dec    jpg    ofa   mclk   pclk  pviol  tviol 
#YYYYMMDD    HH:MM:SS     Idx      W      C      C      %      %      %      %      %      %    MHz    MHz      %   bool 
 20260602    17:58:37       0    231     72      -     48     19      0      0      0      0  13801   2835      0      0 
 20260602    17:58:37       1    212     56      -     55     15      0      0      0      0  13801   2887      0      0 
 20260602    17:58:37       2    187     66      -    100      0      0      0      0      0  13801   2880      0      0 
 20260602    17:58:37       3    172     71      -    100      0      0      0      0      0  13801   2947      0      0 
 20260602    17:58:38       0    237     73      -     46     14      0      0      0      0  13801   2835      0      0 
 20260602    17:58:38       1    218     56      -     51     18      0      0      0      0  13801   2880      0      0 
 20260602    17:58:38       2    235     67      -     54     19      0      0      0      0  13801   2872      0      0 
 20260602    17:58:38       3    246     71      -     43     20      0      0      0      0  13801   2940      0      0 
 20260602    17:58:39       0    253     73      -     66     20      0      0      0      0  13801   2850      0      0 
 20260602    17:58:39       1    225     56      -     64     17      0      0      0      0  13801   2895      0      0 
 20260602    17:58:39       2    257     68      -     17      2      0      0      0      0  13801   2887      0      0 
 20260602    17:58:39       3    256     72      -     37     12      0      0      0      0  13801   2955      0      0 
 20260602    17:58:40       0    243     74      -     66     21      0      0      0      0  13801   2850      0      0 
 20260602    17:58:40       1    220     55      -     59     15      0      0      0      0  13801   2895      0      0 
 20260602    17:58:40       2    244     67      -     61     20      0      0      0      0  13801   2887      0      0 
 20260602    17:58:40       3    259     71      -     66     26      0      0      0      0  13801   2955      0      0 
 20260602    17:58:41       0    252     73      -     30      6      0      0      0      0  13801   2850      0      0 
 20260602    17:58:41       1    220     57      -     63     17      0      0      0      0  13801   2895      0      0 
 20260602    17:58:41       2    247     65      -     64     20      0      0      0      0  13801   2887      0      0 
 20260602    17:58:41       3    254     71      -     67     25      0      0      0      0  13801   2955      0      0 
 20260602    17:58:42       0    253     74      -     65     20      0      0      0      0  13801   2850      0      0 
 20260602    17:58:42       1    221     56      -     32      7      0      0      0      0  13801   2895      0      0 
 20260602    17:58:42       2    249     67      -     64     20      0      0      0      0  13801   2887      0      0 
 20260602    17:58:42       3    263     71      -     33      9      0      0      0      0  13801   2955      0      0 
 20260602    17:58:43       0    277     73      -     25      5      0      0      0      0  13801   2842      0      0 
 20260602    17:58:43       1    225     58      -     61     16      0      0      0      0  13801   2895      0      0 
 20260602    17:58:43       2    241     67      -     61     19      0      0      0      0  13801   2887      0      0 
 20260602    17:58:43       3    255     71      -     63     24      0      0      0      0  13801   2955      0      0 
 20260602    17:58:44       0    258     73      -     63     19      0      0      0      0  13801   2850      0      0 
 20260602    17:58:44       1    218     57      -     60     15      0      0      0      0  13801   2895      0      0 
 20260602    17:58:44       2    255     67      -     34      9      0      0      0      0  13801   2887      0      0 
 20260602    17:58:44       3    259     71      -     64     24      0      0      0      0  13801   2940      0      0 
 20260602    17:58:45       0    275     74      -     32      8      0      0      0      0  13801   2842      0      0 
 20260602    17:58:45       1    230     57      -     60     15      0      0      0      0  13801   2895      0      0 
 20260602    17:58:45       2    251     67      -     62     19      0      0      0      0  13801   2887      0      0 
 20260602    17:58:45       3    259     70      -     54     19      0      0      0      0  13801   2940      0      0 
 20260602    17:58:46       0    266     74      -     65     20      0      0      0      0  13801   2835      0      0 
 20260602    17:58:46       1    222     57      -     64     17      0      0      0      0  13801   2895      0      0 
 20260602    17:58:46       2    243     67      -     62     20      0      0      0      0  13801   2887      0      0 
 20260602    17:58:46       3    271     73      -     63     24      0      0      0      0  13801   2947      0      0 
 20260602    17:58:47       0    245     73      -     60     19      0      0      0      0  13801   2850      0      0 
 20260602    17:58:47       1    217     56      -     36      7      0      0      0      0  13801   2895      0      0 
 20260602    17:58:47       2    253     67      -     20      3      0      0      0      0  13801   2887      0      0 
 20260602    17:58:47       3    246     72      -     63     24      0      0      0      0  13801   2955      0      0 
#Date        Time         gpu    pwr  gtemp  mtemp     sm    mem    enc    dec    jpg    ofa   mclk   pclk  pviol  tviol 
#YYYYMMDD    HH:MM:SS     Idx      W      C      C      %      %      %      %      %      %    MHz    MHz      %   bool 
 20260602    17:58:48       0    258     72      -     65     20      0      0      0      0  13801   2850      0      0 
 20260602    17:58:48       1    224     57      -     64     17      0      0      0      0  13801   2895      0      0 
 20260602    17:58:48       2    250     67      -     64     20      0      0      0      0  13801   2887      0      0 
 20260602    17:58:48       3    257     69      -     64     25      0      0      0      0  13801   2947      0      0 
 20260602    17:58:49       0    244     73      -     52     16      0      0      0      0  13801   2850      0      0 
 20260602    17:58:49       1    222     56      -     51     13      0      0      0      0  13801   2895      0      0 
 20260602    17:58:49       2    241     65      -     56     16      0      0      0      0  13801   2887      0      0 
 20260602    17:58:49       3    251     72      -     49     18      0      0      0      0  13801   2947      0      0 
 20260602    17:58:50       0    231     75      -     57     18      0      0      0      0  13801   2850      0      0 
 20260602    17:58:50       1    232     57      -     64     17      0      0      0      0  13801   2895      0      0 
 20260602    17:58:50       2    248     67      -     64     21      0      0      0      0  13801   2887      0      0 
 20260602    17:58:50       3    256     71      -     66     26      0      0      0      0  13801   2940      0      0 
 20260602    17:58:51       0    226     72      -     38     11      0      0      0      0  13801   2850      0      0 
 20260602    17:58:51       1    222     57      -     63     17      0      0      0      0  13801   2895      0      0 
 20260602    17:58:51       2    251     67      -     62     19      0      0      0      0  13801   2887      0      0 
 20260602    17:58:51       3    261     70      -     70     27      0      0      0      0  13801   2940      0      0 
 20260602    17:58:52       0    235     74      -     63     19      0      0      0      0  13801   2850      0      0 
 20260602    17:58:52       1    225     57      -     50     13      0      0      0      0  13801   2895      0      0 
 20260602    17:58:52       2    254     68      -     62     20      0      0      0      0  13801   2887      0      0 
 20260602    17:58:52       3    264     72      -     66     26      0      0      0      0  13801   2955      0      0 
 20260602    17:58:53       0    251     73      -     61     19      0      0      0      0  13801   2850      0      0 
 20260602    17:58:53       1    217     56      -     63     16      0      0      0      0  13801   2895      0      0 
 20260602    17:58:53       2    248     67      -     52     16      0      0      0      0  13801   2887      0      0 
 20260602    17:58:53       3    254     71      -     55     21      0      0      0      0  13801   2955      0      0 
 20260602    17:58:54       0    245     74      -     65     20      0      0      0      0  13801   2850      0      0 
 20260602    17:58:54       1    221     55      -     29      6      0      0      0      0  13801   2895      0      0 
 20260602    17:58:54       2    245     65      -     20      3      0      0      0      0  13801   2887      0      0 
 20260602    17:58:54       3    253     69      -     24      5      0      0      0      0  13801   2940      0      0 
 20260602    17:58:55       0    248     73      -     66     20      0      0      0      0  13801   2850      0      0 
 20260602    17:58:55       1    224     57      -     62     17      0      0      0      0  13801   2895      0      0 
 20260602    17:58:55       2    250     67      -     61     20      0      0      0      0  13801   2887      0      0 
 20260602    17:58:55       3    263     72      -     65     24      0      0      0      0  13801   2947      0      0 
 20260602    17:58:56       0    257     72      -     19      2      0      0      0      0  13801   2850      0      0 
 20260602    17:58:56       1    221     58      -     63     17      0      0      0      0  13801   2895      0      0 
 20260602    17:58:56       2    244     68      -     62     20      0      0      0      0  13801   2887      0      0 
 20260602    17:58:56       3    255     72      -     65     24      0      0      0      0  13801   2947      0      0 
 20260602    17:58:57       0    251     74      -     64     20      0      0      0      0  13801   2850      0      0 
 20260602    17:58:57       1    233     58      -     52     13      0      0      0      0  13801   2895      0      0 
 20260602    17:58:57       2    255     67      -     51     14      0      0      0      0  13801   2887      0      0 
 20260602    17:58:57       3    193     68      -    100      0      0      0      0      0  13801   2955      0      0 
 20260602    17:58:58       0    289     75      -     67     22      0      0      0      0  13801   2842      0      0 
 20260602    17:58:58       1    189     54      -    100      0      0      0      0      0  13801   2902      0      0 
 20260602    17:58:58       2    140     64      -    100      0      0      0      0      0  13801   2895      0      0 
 20260602    17:58:58       3    142     68      -    100      0      0      0      0      0  13801   2955      0      0 
#Date        Time         gpu    pwr  gtemp  mtemp     sm    mem    enc    dec    jpg    ofa   mclk   pclk  pviol  tviol 
#YYYYMMDD    HH:MM:SS     Idx      W      C      C      %      %      %      %      %      %    MHz    MHz      %   bool 
 20260602    17:58:59       0    247     72      -     59     19      0      0      0      0  13801   2835      0      0 
 20260602    17:58:59       1    194     56      -     51     18      0      0      0      0  13801   2880      0      0 
 20260602    17:58:59       2    219     66      -     54     20      0      0      0      0  13801   2872      0      0 
 20260602    17:58:59       3    222     70      -     38     21      0      0      0      0  13801   2940      0      0 
 20260602    17:59:01       0    265     73      -     65     21      0      0      0      0  13801   2842      0      0 
 20260602    17:59:01       1    228     57      -     64     17      0      0      0      0  13801   2895      0      0 
 20260602    17:59:01       2    243     66      -     40     12      0      0      0      0  13801   2887      0      0 
 20260602    17:59:01       3    245     71      -     55     21      0      0      0      0  13801   2955      0      0 
 20260602    17:59:02       0    279     74      -     65     21      0      0      0      0  13801   2842      0      0 
 20260602    17:59:02       1    229     57      -     64     17      0      0      0      0  13801   2895      0      0 
 20260602    17:59:02       2    252     68      -     64     20      0      0      0      0  13801   2887      0      0 
 20260602    17:59:02       3    229     70      -     54     21      0      0      0      0  13801   2955      0      0 
 20260602    17:59:03       0    246     73      -     65     20      0      0      0      0  13801   2850      0      0 
 20260602    17:59:03       1    214     54      -     21      3      0      0      0      0  13801   2895      0      0 
 20260602    17:59:03       2    244     67      -     62     19      0      0      0      0  13801   2887      0      0 
 20260602    17:59:03       3    256     71      -     63     24      0      0      0      0  13801   2955      0      0 
 20260602    17:59:04       0    254     74      -     63     19      0      0      0      0  13801   2850      0      0 
 20260602    17:59:04       1    222     57      -     64     17      0      0      0      0  13801   2895      0      0 
 20260602    17:59:04       2    252     68      -     44     12      0      0      0      0  13801   2887      0      0 
 20260602    17:59:04       3    252     71      -     63     24      0      0      0      0  13801   2955      0      0 
 20260602    17:59:05       0    244     74      -     63     19      0      0      0      0  13801   2850      0      0 
 20260602    17:59:05       1    222     57      -     62     16      0      0      0      0  13801   2895      0      0 
 20260602    17:59:05       2    245     68      -     63     20      0      0      0      0  13801   2887      0      0 
 20260602    17:59:05       3    249     70      -     59     22      0      0      0      0  13801   2940      0      0 
 20260602    17:59:06       0    260     72      -     29      6      0      0      0      0  13801   2850      0      0 
 20260602    17:59:06       1    233     56      -     62     16      0      0      0      0  13801   2895      0      0 
 20260602    17:59:06       2    247     67      -     64     21      0      0      0      0  13801   2887      0      0 
 20260602    17:59:06       3    265     72      -     68     27      0      0      0      0  13801   2955      0      0 
 20260602    17:59:07       0    246     73      -     63     19      0      0      0      0  13801   2850      0      0 
 20260602    17:59:07       1    225     57      -     68     19      0      0      0      0  13801   2895      0      0 
 20260602    17:59:07       2    259     68      -     61     20      0      0      0      0  13801   2887      0      0 
 20260602    17:59:07       3    258     71      -     65     26      0      0      0      0  13801   2955      0      0 
 20260602    17:59:08       0    238     73      -     66     20      0      0      0      0  13801   2850      0      0 
 20260602    17:59:08       1    220     55      -     14      1      0      0      0      0  13801   2895      0      0 
 20260602    17:59:08       2    239     68      -     64     20      0      0      0      0  13801   2887      0      0 
 20260602    17:59:08       3    255     71      -     65     25      0      0      0      0  13801   2947      0      0 
 20260602    17:59:09       0    252     74      -     68     22      0      0      0      0  13801   2850      0      0 
 20260602    17:59:09       1    230     57      -     64     17      0      0      0      0  13801   2895      0      0 
 20260602    17:59:09       2    247     65      -     17      1      0      0      0      0  13801   2887      0      0 
 20260602    17:59:09       3    260     70      -     33      9      0      0      0      0  13801   2940      0      0 
 20260602    17:59:10       0    244     73      -     65     20      0      0      0      0  13801   2850      0      0 
 20260602    17:59:10       1    219     57      -     59     16      0      0      0      0  13801   2895      0      0 
 20260602    17:59:10       2    258     67      -     68     22      0      0      0      0  13801   2887      0      0 
 20260602    17:59:10       3    258     72      -     67     25      0      0      0      0  13801   2955      0      0 
#Date        Time         gpu    pwr  gtemp  mtemp     sm    mem    enc    dec    jpg    ofa   mclk   pclk  pviol  tviol 
#YYYYMMDD    HH:MM:SS     Idx      W      C      C      %      %      %      %      %      %    MHz    MHz      %   bool 
 20260602    17:59:11       0    257     71      -     34      9      0      0      0      0  13801   2850      0      0 
 20260602    17:59:11       1    231     58      -     64     17      0      0      0      0  13801   2895      0      0 
 20260602    17:59:11       2    245     68      -     64     20      0      0      0      0  13801   2887      0      0 
 20260602    17:59:11       3    255     71      -     64     24      0      0      0      0  13801   2947      0      0 
 20260602    17:59:12       0    249     74      -     65     20      0      0      0      0  13801   2850      0      0 
 20260602    17:59:12       1    222     57      -     63     17      0      0      0      0  13801   2895      0      0 
 20260602    17:59:12       2    255     68      -     41     10      0      0      0      0  13801   2887      0      0 
 20260602    17:59:12       3    258     70      -     27      6      0      0      0      0  13801   2955      0      0 
 20260602    17:59:13       0    248     73      -     65     20      0      0      0      0  13801   2850      0      0 
 20260602    17:59:13       1    231     57      -     27      5      0      0      0      0  13801   2895      0      0 
 20260602    17:59:13       2    250     67      -     65     21      0      0      0      0  13801   2887      0      0 
 20260602    17:59:13       3    255     72      -     64     25      0      0      0      0  13801   2955      0      0 
 20260602    17:59:14       0    272     73      -     49     14      0      0      0      0  13801   2850      0      0 
 20260602    17:59:14       1    222     57      -     64     17      0      0      0      0  13801   2895      0      0 
 20260602    17:59:14       2    245     67      -     63     20      0      0      0      0  13801   2887      0      0 
 20260602    17:59:14       3    255     71      -     64     24      0      0      0      0  13801   2955      0      0 
 20260602    17:59:15       0    266     75      -     65     20      0      0      0      0  13801   2842      0      0 
 20260602    17:59:15       1    222     55      -     67     19      0      0      0      0  13801   2895      0      0 
 20260602    17:59:15       2    257     67      -     53     16      0      0      0      0  13801   2887      0      0 
 20260602    17:59:15       3    256     69      -     23      4      0      0      0      0  13801   2932      0      0 
