#Date        Time         gpu    pwr  gtemp  mtemp     sm    mem    enc    dec    jpg    ofa   mclk   pclk  pviol  tviol 
#YYYYMMDD    HH:MM:SS     Idx      W      C      C      %      %      %      %      %      %    MHz    MHz      %   bool 
 20260602    17:51:28       0    259     74      -     65     20      0      0      0      0  13801   2850      0      0 
 20260602    17:51:29       0    248     73      -     67     21      0      0      0      0  13801   2850      0      0 
 20260602    17:51:30       0    251     73      -     65     21      0      0      0      0  13801   2850      0      0 
 20260602    17:51:31       0    258     74      -     65     20      0      0      0      0  13801   2850      0      0 
 20260602    17:51:32       0    250     74      -     68     21      0      0      0      0  13801   2850      0      0 
 20260602    17:51:33       0    251     73      -     66     20      0      0      0      0  13801   2850      0      0 
 20260602    17:51:34       0    258     74      -     65     20      0      0      0      0  13801   2850      0      0 
 20260602    17:51:35       0    247     73      -     63     19      0      0      0      0  13801   2850      0      0 
 20260602    17:51:36       0    199     73      -     53     22      0      0      0      0  13801   2842      0      0 
 20260602    17:51:37       0    248     73      -     39     17      0      0      0      0  13801   2835      0      0 
 20260602    17:51:38       0    255     73      -     63     19      0      0      0      0  13801   2850      0      0 
 20260602    17:51:39       0    255     74      -     65     20      0      0      0      0  13801   2850      0      0 
 20260602    17:51:40       0    259     74      -     67     22      0      0      0      0  13801   2850      0      0 
 20260602    17:51:41       0    254     73      -     62     19      0      0      0      0  13801   2850      0      0 
 20260602    17:51:42       0    254     72      -     30      8      0      0      0      0  13801   2842      0      0 
 20260602    17:51:43       0    250     74      -     63     20      0      0      0      0  13801   2850      0      0 
 20260602    17:51:44       0    254     73      -     64     20      0      0      0      0  13801   2842      0      0 
 20260602    17:51:45       0    256     74      -     66     21      0      0      0      0  13801   2850      0      0 
 20260602    17:51:46       0    253     73      -     64     20      0      0      0      0  13801   2850      0      0 
 20260602    17:51:47       0    245     72      -     19      3      0      0      0      0  13801   2850      0      0 
 20260602    17:51:48       0    263     73      -     63     20      0      0      0      0  13801   2850      0      0 
 20260602    17:51:49       0    252     73      -     54     16      0      0      0      0  13801   2842      0      0 
 20260602    17:51:50       0    253     73      -     68     21      0      0      0      0  13801   2850      0      0 
 20260602    17:51:51       0    257     73      -     63     20      0      0      0      0  13801   2850      0      0 
 20260602    17:51:52       0    260     74      -     80     24      0      0      0      0  13801   2850      0      0 
 20260602    17:51:53       0    253     73      -     72     24      0      0      0      0  13801   2850      0      0 
 20260602    17:51:54       0    252     71      -     28      6      0      0      0      0  13801   2850      0      0 
 20260602    17:51:55       0    255     73      -     65     20      0      0      0      0  13801   2850      0      0 
 20260602    17:51:56       0    254     71      -     65     20      0      0      0      0  13801   2850      0      0 
 20260602    17:51:57       0    235     73      -     58     18      0      0      0      0  13801   2835      0      0 
 20260602    17:51:58       0    247     72      -     50     19      0      0      0      0  13801   2835      0      0 
 20260602    17:51:59       0    258     75      -     53     15      0      0      0      0  13801   2842      0      0 
 20260602    17:52:00       0    251     74      -     62     20      0      0      0      0  13801   2850      0      0 
 20260602    17:52:01       0    266     74      -     40     11      0      0      0      0  13801   2850      0      0 
 20260602    17:52:02       0    245     73      -     65     20      0      0      0      0  13801   2850      0      0 
 20260602    17:52:03       0    252     72      -     70     21      0      0      0      0  13801   2850      0      0 
 20260602    17:52:04       0    257     74      -     60     18      0      0      0      0  13801   2850      0      0 
 20260602    17:52:05       0    254     73      -     67     21      0      0      0      0  13801   2850      0      0 
 20260602    17:52:06       0    266     75      -     35      9      0      0      0      0  13801   2842      0      0 
 20260602    17:52:07       0    244     73      -     62     19      0      0      0      0  13801   2850      0      0 
 20260602    17:52:08       0    257     72      -     66     21      0      0      0      0  13801   2842      0      0 
 20260602    17:52:09       0    258     74      -     58     17      0      0      0      0  13801   2850      0      0 
 20260602    17:52:11       0    255     74      -     84     30      0      0      0      0  13801   2850      0      0 
 20260602    17:52:12       0    251     75      -     40     11      0      0      0      0  13801   2850      0      0 
#Date        Time         gpu    pwr  gtemp  mtemp     sm    mem    enc    dec    jpg    ofa   mclk   pclk  pviol  tviol 
#YYYYMMDD    HH:MM:SS     Idx      W      C      C      %      %      %      %      %      %    MHz    MHz      %   bool 
 20260602    17:52:13       0    254     73      -     63     19      0      0      0      0  13801   2850      0      0 
 20260602    17:52:14       0    252     72      -     65     20      0      0      0      0  13801   2850      0      0 
 20260602    17:52:15       0    257     73      -     66     21      0      0      0      0  13801   2850      0      0 
 20260602    17:52:16       0    247     74      -     65     20      0      0      0      0  13801   2850      0      0 
 20260602    17:52:17       0    263     74      -     29      6      0      0      0      0  13801   2850      0      0 
 20260602    17:52:18       0    255     75      -     60     18      0      0      0      0  13801   2842      0      0 
 20260602    17:52:19       0    244     72      -     64     20      0      0      0      0  13801   2850      0      0 
 20260602    17:52:20       0    248     73      -     51     20      0      0      0      0  13801   2835      0      0 
 20260602    17:52:21       0    246     74      -     64     19      0      0      0      0  13801   2850      0      0 
 20260602    17:52:22       0    265     74      -     35      9      0      0      0      0  13801   2842      0      0 
 20260602    17:52:23       0    247     73      -     63     20      0      0      0      0  13801   2850      0      0 
 20260602    17:52:24       0    250     72      -     64     19      0      0      0      0  13801   2850      0      0 
 20260602    17:52:25       0    245     74      -     64     20      0      0      0      0  13801   2850      0      0 
 20260602    17:52:26       0    249     72      -     86     32      0      0      0      0  13801   2850      0      0 
 20260602    17:52:27       0    251     73      -     43     11      0      0      0      0  13801   2850      0      0 
 20260602    17:52:28       0    250     74      -     62     19      0      0      0      0  13801   2850      0      0 
 20260602    17:52:29       0    260     74      -     29      6      0      0      0      0  13801   2842      0      0 
 20260602    17:52:30       0    252     73      -     65     20      0      0      0      0  13801   2850      0      0 
 20260602    17:52:31       0    253     72      -     86     32      0      0      0      0  13801   2850      0      0 
 20260602    17:52:32       0    249     73      -     58     18      0      0      0      0  13801   2850      0      0 
 20260602    17:52:33       0    252     73      -     65     20      0      0      0      0  13801   2850      0      0 
 20260602    17:52:34       0    269     74      -     37     11      0      0      0      0  13801   2850      0      0 
 20260602    17:52:35       0    248     74      -     63     20      0      0      0      0  13801   2850      0      0 
 20260602    17:52:36       0    253     73      -     82     29      0      0      0      0  13801   2850      0      0 
 20260602    17:52:37       0    256     73      -     37      8      0      0      0      0  13801   2850      0      0 
 20260602    17:52:38       0    252     74      -     65     20      0      0      0      0  13801   2842      0      0 
 20260602    17:52:39       0    250     72      -     66     20      0      0      0      0  13801   2850      0      0 
 20260602    17:52:40       0    246     74      -     64     20      0      0      0      0  13801   2850      0      0 
 20260602    17:52:41       0    245     74      -     52     19      0      0      0      0  13801   2835      0      0 
 20260602    17:52:42       0    252     73      -     53     17      0      0      0      0  13801   2842      0      0 
 20260602    17:52:43       0    245     73      -     62     20      0      0      0      0  13801   2850      0      0 
 20260602    17:52:44       0    264     74      -     69     25      0      0      0      0  13801   2850      0      0 
 20260602    17:52:45       0    248     74      -     66     21      0      0      0      0  13801   2850      0      0 
 20260602    17:52:46       0    255     73      -     65     20      0      0      0      0  13801   2850      0      0 
 20260602    17:52:47       0    258     74      -     40     10      0      0      0      0  13801   2850      0      0 
 20260602    17:52:48       0    246     73      -     65     20      0      0      0      0  13801   2850      0      0 
 20260602    17:52:49       0    264     73      -     68     22      0      0      0      0  13801   2850      0      0 
 20260602    17:52:50       0    250     73      -     63     19      0      0      0      0  13801   2850      0      0 
 20260602    17:52:51       0    252     72      -     26      5      0      0      0      0  13801   2850      0      0 
 20260602    17:52:52       0    243     73      -     64     20      0      0      0      0  13801   2850      0      0 
 20260602    17:52:53       0    252     73      -     60     19      0      0      0      0  13801   2850      0      0 
 20260602    17:52:54       0    266     74      -     66     20      0      0      0      0  13801   2850      0      0 
 20260602    17:52:55       0    248     73      -     65     20      0      0      0      0  13801   2850      0      0 
 20260602    17:52:56       0    259     74      -     46     13      0      0      0      0  13801   2842      0      0 
#Date        Time         gpu    pwr  gtemp  mtemp     sm    mem    enc    dec    jpg    ofa   mclk   pclk  pviol  tviol 
#YYYYMMDD    HH:MM:SS     Idx      W      C      C      %      %      %      %      %      %    MHz    MHz      %   bool 
 20260602    17:52:57       0    250     74      -     64     20      0      0      0      0  13801   2850      0      0 
 20260602    17:52:58       0    254     74      -     64     20      0      0      0      0  13801   2842      0      0 
 20260602    17:52:59       0    258     74      -     66     20      0      0      0      0  13801   2850      0      0 
 20260602    17:53:00       0    254     73      -     65     21      0      0      0      0  13801   2850      0      0 
 20260602    17:53:01       0    245     71      -     24      7      0      0      0      0  13801   2850      0      0 
 20260602    17:53:02       0    251     73      -     50     20      0      0      0      0  13801   2835      0      0 
 20260602    17:53:03       0    248     73      -     65     20      0      0      0      0  13801   2850      0      0 
 20260602    17:53:04       0    267     74      -     63     20      0      0      0      0  13801   2850      0      0 
 20260602    17:53:05       0    249     73      -     67     21      0      0      0      0  13801   2850      0      0 
 20260602    17:53:06       0    255     71      -     32      8      0      0      0      0  13801   2850      0      0 
 20260602    17:53:07       0    263     73      -     76     27      0      0      0      0  13801   2850      0      0 
 20260602    17:53:08       0    254     73      -     64     20      0      0      0      0  13801   2850      0      0 
 20260602    17:53:09       0    264     73      -     65     20      0      0      0      0  13801   2850      0      0 
 20260602    17:53:10       0    244     74      -     66     20      0      0      0      0  13801   2850      0      0 
 20260602    17:53:11       0    253     72      -     16      1      0      0      0      0  13801   2850      0      0 
 20260602    17:53:12       0    265     74      -     65     20      0      0      0      0  13801   2842      0      0 
 20260602    17:53:13       0    253     73      -     61     19      0      0      0      0  13801   2842      0      0 
 20260602    17:53:14       0    257     74      -     65     20      0      0      0      0  13801   2850      0      0 
 20260602    17:53:15       0    249     74      -     66     21      0      0      0      0  13801   2850      0      0 
 20260602    17:53:16       0    246     71      -     30      8      0      0      0      0  13801   2850      0      0 
 20260602    17:53:17       0    252     74      -     62     20      0      0      0      0  13801   2850      0      0 
 20260602    17:53:18       0    250     74      -     65     20      0      0      0      0  13801   2850      0      0 
 20260602    17:53:19       0    246     71      -     34      9      0      0      0      0  13801   2850      0      0 
 20260602    17:53:20       0    252     74      -     65     20      0      0      0      0  13801   2850      0      0 
 20260602    17:53:21       0    253     74      -     66     21      0      0      0      0  13801   2850      0      0 
 20260602    17:53:22       0    242     71      -     79      1      0      0      0      0  13801   2850      0      0 
 20260602    17:53:23       0    223     73      -     47     19      0      0      0      0  13801   2835      0      0 
 20260602    17:53:24       0    246     71      -     35      9      0      0      0      0  13801   2850      0      0 
